01:58:50 **** Incremental Build of configuration Debug for project 111_idle_hook ****
make -j8 all 
arm-none-eabi-gcc "../Core/Src/freertos.c" -mcpu=cortex-m7 -std=gnu11 -g3 -DUSE_HAL_DRIVER -DSTM32F746xx -DDEBUG -c -I../Core/Inc -I../Drivers/STM32F7xx_HAL_Driver/Inc -I../Drivers/STM32F7xx_HAL_Driver/Inc/Legacy -I../Middlewares/Third_Party/FreeRTOS/Source/include -I../Middlewares/Third_Party/FreeRTOS/Source/CMSIS_RTOS -I../Middlewares/Third_Party/FreeRTOS/Source/portable/GCC/ARM_CM7/r0p1 -I../Drivers/CMSIS/Device/ST/STM32F7xx/Include -I../Drivers/CMSIS/Include -O0 -ffunction-sections -fdata-sections -Wall -fstack-usage -MMD -MP -MF"Core/Src/freertos.d" -MT"Core/Src/freertos.o" --specs=nano.specs -mfpu=fpv5-sp-d16 -mfloat-abi=hard -mthumb -o "Core/Src/freertos.o"
arm-none-eabi-gcc -o "111_idle_hook.elf" @"objects.list"   -mcpu=cortex-m7 -T"D:\PROJECTS\RTOS\STM\DEMOS\111_idle_hook\STM32F746ZGTX_FLASH.ld" --specs=nosys.specs -Wl,-Map="111_idle_hook.map" -Wl,--gc-sections -static --specs=nano.specs -mfpu=fpv5-sp-d16 -mfloat-abi=hard -mthumb -Wl,--start-group -lc -lm -Wl,--end-group
Finished building target: 111_idle_hook.elf
 
arm-none-eabi-objdump -h -S  111_idle_hook.elf  > "111_idle_hook.list"
arm-none-eabi-objcopy  -O binary  111_idle_hook.elf  "111_idle_hook.bin"
arm-none-eabi-size   111_idle_hook.elf 
   text	   data	    bss	    dec	    hex	filename
  11848	     24	  17864	  29736	   7428	111_idle_hook.elf
Finished building: default.size.stdout
 
Finished building: 111_idle_hook.bin
 
Finished building: 111_idle_hook.list
 

01:58:52 Build Finished. 0 errors, 0 warnings. (took 1s.591ms)

